git commands


hp@DESKTOP-UDARRCD MINGW64 ~
$ cd onedrive

hp@DESKTOP-UDARRCD MINGW64 ~/onedrive
$ cd deskTOP

hp@DESKTOP-UDARRCD MINGW64 ~/onedrive/deskTOP
$ cd git

hp@DESKTOP-UDARRCD MINGW64 ~/onedrive/deskTOP/git (master)
$ touch f1.txt

hp@DESKTOP-UDARRCD MINGW64 ~/onedrive/deskTOP/git (master)
$ touch f2.txt

hp@DESKTOP-UDARRCD MINGW64 ~/onedrive/deskTOP/git (master)
$ notepad f2.txt

hp@DESKTOP-UDARRCD MINGW64 ~/onedrive/deskTOP/git (master)
$ git status
On branch master

No commits yet

Untracked files:
  (use "git add <file>..." to include in what will be committed)
        f1.txt
        f1/
        f2.txt

nothing added to commit but untracked files present (use "git add" to track)

hp@DESKTOP-UDARRCD MINGW64 ~/onedrive/deskTOP/git (master)
$ git status
On branch master

No commits yet

Untracked files:
  (use "git add <file>..." to include in what will be committed)
        f1.txt
        f2.txt

nothing added to commit but untracked files present (use "git add" to track)

hp@DESKTOP-UDARRCD MINGW64 ~/onedrive/deskTOP/git (master)
$ git add .

hp@DESKTOP-UDARRCD MINGW64 ~/onedrive/deskTOP/git (master)
$ git status
On branch master

No commits yet

Changes to be committed:
  (use "git rm --cached <file>..." to unstage)
        new file:   f1.txt
        new file:   f2.txt


hp@DESKTOP-UDARRCD MINGW64 ~/onedrive/deskTOP/git (master)
$ git commit -m "first time add txt file"
[master (root-commit) 17c45a9] first time add txt file
 2 files changed, 1 insertion(+)
 create mode 100644 f1.txt
 create mode 100644 f2.txt

hp@DESKTOP-UDARRCD MINGW64 ~/onedrive/deskTOP/git (master)
$ git status
On branch master
nothing to commit, working tree clean

hp@DESKTOP-UDARRCD MINGW64 ~/onedrive/deskTOP/git (master)
$ git lo
git: 'lo' is not a git command. See 'git --help'.

The most similar commands are
        log
        flow

hp@DESKTOP-UDARRCD MINGW64 ~/onedrive/deskTOP/git (master)
$ git log
commit 17c45a94ee9cc8d2a8a2a7f2c2c898d12cdf0a4d (HEAD -> master)
Author: raj <rajcb227@gmail.com>
Date:   Thu Jul 13 16:19:12 2023 +0530

    first time add txt file

hp@DESKTOP-UDARRCD MINGW64 ~/onedrive/deskTOP/git (master)
$ touch f3.txt

hp@DESKTOP-UDARRCD MINGW64 ~/onedrive/deskTOP/git (master)
$ notepad f3.txt

hp@DESKTOP-UDARRCD MINGW64 ~/onedrive/deskTOP/git (master)
$ notepad f1.txt

hp@DESKTOP-UDARRCD MINGW64 ~/onedrive/deskTOP/git (master)
$ git status
On branch master
Changes not staged for commit:
  (use "git add <file>..." to update what will be committed)
  (use "git restore <file>..." to discard changes in working directory)
        modified:   f1.txt

Untracked files:
  (use "git add <file>..." to include in what will be committed)
        f3.txt

no changes added to commit (use "git add" and/or "git commit -a")

hp@DESKTOP-UDARRCD MINGW64 ~/onedrive/deskTOP/git (master)
$ git add f1.txt

hp@DESKTOP-UDARRCD MINGW64 ~/onedrive/deskTOP/git (master)
$ git commit -m "f1 file edited"
[master 26a7b4c] f1 file edited
 1 file changed, 1 insertion(+)

hp@DESKTOP-UDARRCD MINGW64 ~/onedrive/deskTOP/git (master)
$ git status
On branch master
Untracked files:
  (use "git add <file>..." to include in what will be committed)
        f3.txt

nothing added to commit but untracked files present (use "git add" to track)

hp@DESKTOP-UDARRCD MINGW64 ~/onedrive/deskTOP/git (master)
$ git add f3.txt

hp@DESKTOP-UDARRCD MINGW64 ~/onedrive/deskTOP/git (master)
$ git commit -m "f3 fie created "
[master c839a42] f3 fie created
 1 file changed, 1 insertion(+)
 create mode 100644 f3.txt

hp@DESKTOP-UDARRCD MINGW64 ~/onedrive/deskTOP/git (master)
$ git status
On branch master
nothing to commit, working tree clean

hp@DESKTOP-UDARRCD MINGW64 ~/onedrive/deskTOP/git (master)
$ git log --pretty=online
fatal: invalid --pretty format: online

hp@DESKTOP-UDARRCD MINGW64 ~/onedrive/deskTOP/git (master)
$ git log --pretty=online
fatal: invalid --pretty format: online

hp@DESKTOP-UDARRCD MINGW64 ~/onedrive/deskTOP/git (master)
$ git log --pretty=oneline
c839a42b313f5f6e423ea55320be2a1dab4bfe56 (HEAD -> master) f3 fie created
26a7b4c459b63e6a75be35805d54c1f9e78e0e76 f1 file edited
17c45a94ee9cc8d2a8a2a7f2c2c898d12cdf0a4d first time add txt file

hp@DESKTOP-UDARRCD MINGW64 ~/onedrive/deskTOP/git (master)
$ notepd f2.txt
bash: notepd: command not found

hp@DESKTOP-UDARRCD MINGW64 ~/onedrive/deskTOP/git (master)
$ notepad f2.txt

hp@DESKTOP-UDARRCD MINGW64 ~/onedrive/deskTOP/git (master)
$ git status
On branch master
Changes not staged for commit:
  (use "git add <file>..." to update what will be committed)
  (use "git restore <file>..." to discard changes in working directory)
        modified:   f2.txt

no changes added to commit (use "git add" and/or "git commit -a")

hp@DESKTOP-UDARRCD MINGW64 ~/onedrive/deskTOP/git (master)
$ git diff f2.txt
diff --git a/f2.txt b/f2.txt
index 1c59427..f45335b 100644
--- a/f2.txt
+++ b/f2.txt
@@ -1 +1 @@
-second file
+second file in git file

hp@DESKTOP-UDARRCD MINGW64 ~/onedrive/deskTOP/git (master)
$ git add .

hp@DESKTOP-UDARRCD MINGW64 ~/onedrive/deskTOP/git (master)
$ git diff f2.txt

hp@DESKTOP-UDARRCD MINGW64 ~/onedrive/deskTOP/git (master)
$ git commit -m "f2 file edited "
[master e37d644] f2 file edited
 1 file changed, 1 insertion(+), 1 deletion(-)

hp@DESKTOP-UDARRCD MINGW64 ~/onedrive/deskTOP/git (master)
$ git status
On branch master
nothing to commit, working tree clean

hp@DESKTOP-UDARRCD MINGW64 ~/onedrive/deskTOP/git (master)
$ git log --pretty=oneline
e37d644fa0291ea9463fa14735c1ee36ac78c673 (HEAD -> master) f2 file edited
c839a42b313f5f6e423ea55320be2a1dab4bfe56 f3 fie created
26a7b4c459b63e6a75be35805d54c1f9e78e0e76 f1 file edited
17c45a94ee9cc8d2a8a2a7f2c2c898d12cdf0a4d first time add txt file

hp@DESKTOP-UDARRCD MINGW64 ~/onedrive/deskTOP/git (master)
$ git ls-file
git: 'ls-file' is not a git command. See 'git --help'.

The most similar command is
        ls-files

hp@DESKTOP-UDARRCD MINGW64 ~/onedrive/deskTOP/git (master)
$ git ls-files
f1.txt
f2.txt
f3.txt

hp@DESKTOP-UDARRCD MINGW64 ~/onedrive/deskTOP/git (master)
$ git remove -cached f2.txt
git: 'remove' is not a git command. See 'git --help'.

The most similar command is
        remote

hp@DESKTOP-UDARRCD MINGW64 ~/onedrive/deskTOP/git (master)
$ git rm -cached f2.txt
error: did you mean `--cached` (with two dashes)?

hp@DESKTOP-UDARRCD MINGW64 ~/onedrive/deskTOP/git (master)
$ git rm --cached f2.txt
rm 'f2.txt'

hp@DESKTOP-UDARRCD MINGW64 ~/onedrive/deskTOP/git (master)
$ git status
On branch master
Changes to be committed:
  (use "git restore --staged <file>..." to unstage)
        deleted:    f2.txt

Untracked files:
  (use "git add <file>..." to include in what will be committed)
        f2.txt


hp@DESKTOP-UDARRCD MINGW64 ~/onedrive/deskTOP/git (master)
$ git add .

hp@DESKTOP-UDARRCD MINGW64 ~/onedrive/deskTOP/git (master)
$ git rm f2.txt
rm 'f2.txt'

hp@DESKTOP-UDARRCD MINGW64 ~/onedrive/deskTOP/git (master)
$ git ls-files
f1.txt
f3.txt

$ git restore --staged f3.txt

hp@DESKTOP-UDARRCD MINGW64 ~/onedrive/desktop/git (master)
$ git branch -m main

hp@DESKTOP-UDARRCD MINGW64 ~/onedrive/desktop/git (main)
$ git remote add origin "https://github.com/Ravutappa111/team19.git"

hp@DESKTOP-UDARRCD MINGW64 ~/onedrive/desktop/git (main)
$ git push  -u origin main
info: please complete authentication in your browser...
Enumerating objects: 19, done.
Counting objects: 100% (19/19), done.
Delta compression using up to 4 threads
Compressing objects: 100% (14/14), done.
Writing objects: 100% (19/19), 2.60 KiB | 296.00 KiB/s, done.
Total 19 (delta 2), reused 0 (delta 0), pack-reused 0
remote: Resolving deltas: 100% (2/2), done.
To https://github.com/Ravutappa111/team19.git
 * [new branch]      main -> main
branch 'main' set up to track 'origin/main'.

hp@DESKTOP-UDARRCD MINGW64 ~/onedrive/desktop/git (main)
$ git pull origin main
remote: Enumerating objects: 4, done.
remote: Counting objects: 100% (4/4), done.
remote: Compressing objects: 100% (3/3), done.
remote: Total 3 (delta 0), reused 0 (delta 0), pack-reused 0
Unpacking objects: 100% (3/3), 1.41 KiB | 85.00 KiB/s, done.
From https://github.com/Ravutappa111/team19
 * branch            main       -> FETCH_HEAD
   320825e..de60104  main       -> origin/main
Updating 320825e..de60104
Fast-forward
 assignment on python.py | 114 ++++++++++++++++++++++++++++++++++++++++++++++++
 1 file changed, 114 insertions(+)
 create mode 100644 assignment on python.py

hp@DESKTOP-UDARRCD MINGW64 ~/onedrive/desktop/git (main)
$ git status
On branch main
Your branch is up to date with 'origin/main'.

nothing to commit, working tree clean

hp@DESKTOP-UDARRCD MINGW64 ~/onedrive/desktop/git (main)
$ git --ls files
unknown option: --ls
usage: git [-v | --version] [-h | --help] [-C <path>] [-c <name>=<value>]
           [--exec-path[=<path>]] [--html-path] [--man-path] [--info-path]
           [-p | --paginate | -P | --no-pager] [--no-replace-objects] [--bare]
           [--git-dir=<path>] [--work-tree=<path>] [--namespace=<name>]
           [--config-env=<name>=<envvar>] <command> [<args>]
